------------------------------------------------------------
Timing Analyzer Summary
------------------------------------------------------------

Type  : Slow 1100mV 85C Model Setup 'iclock'
Slack : -2.598
TNS   : -794.504

Type  : Slow 1100mV 85C Model Hold 'iclock'
Slack : 0.295
TNS   : 0.000

Type  : Slow 1100mV 85C Model Minimum Pulse Width 'iclock'
Slack : -0.394
TNS   : -502.140

Type  : Slow 1100mV 0C Model Setup 'iclock'
Slack : -2.591
TNS   : -790.839

Type  : Slow 1100mV 0C Model Hold 'iclock'
Slack : 0.275
TNS   : 0.000

Type  : Slow 1100mV 0C Model Minimum Pulse Width 'iclock'
Slack : -0.394
TNS   : -553.766

Type  : Fast 1100mV 85C Model Setup 'iclock'
Slack : -1.148
TNS   : -247.096

Type  : Fast 1100mV 85C Model Hold 'iclock'
Slack : 0.176
TNS   : 0.000

Type  : Fast 1100mV 85C Model Minimum Pulse Width 'iclock'
Slack : -0.079
TNS   : -72.012

Type  : Fast 1100mV 0C Model Setup 'iclock'
Slack : -1.003
TNS   : -190.669

Type  : Fast 1100mV 0C Model Hold 'iclock'
Slack : 0.158
TNS   : 0.000

Type  : Fast 1100mV 0C Model Minimum Pulse Width 'iclock'
Slack : -0.079
TNS   : -74.113

------------------------------------------------------------
